apiVersion: v1
kind: Namespace
metadata:
  labels:
    app.kubernetes.io/managed-by: commodore
    app.kubernetes.io/name: syn-sentry-metrics
    pod-security.kubernetes.io/audit: restricted
    pod-security.kubernetes.io/enforce: baseline
    pod-security.kubernetes.io/warn: restricted
  name: syn-sentry-metrics
